// Jest Snapshot v1, https://goo.gl/fbAQLP

exports[`should render App correctly 1`] = `
<div>
  <ContextProvider
    value={
      Object {
        "dispatch": [Function],
        "state": undefined,
      }
    }
  >
    <Header />
    <_default />
    <_default />
    <_default />
  </ContextProvider>
</div>
`;
